node_modules/@dnd-kit/core/dist/components/Accessibility/Accessibility.d.ts(9,129): error TS2503: Cannot find namespace 'JSX'.
node_modules/@dnd-kit/core/dist/components/DndContext/DndContext.d.ts(1,8): error TS1259: Module '"C:/Users/HP/avid-trainings-llc/node_modules/@types/react/index"' can only be default-imported using the 'esModuleInterop' flag
node_modules/@dnd-kit/core/dist/components/DragOverlay/components/AnimationManager/AnimationManager.d.ts(1,8): error TS1259: Module '"C:/Users/HP/avid-trainings-llc/node_modules/@types/react/index"' can only be default-imported using the 'esModuleInterop' flag
node_modules/@dnd-kit/core/dist/components/DragOverlay/components/AnimationManager/AnimationManager.d.ts(8,75): error TS2503: Cannot find namespace 'JSX'.
node_modules/@dnd-kit/core/dist/components/DragOverlay/components/NullifiedContextProvider/NullifiedContextProvider.d.ts(1,8): error TS1259: Module '"C:/Users/HP/avid-trainings-llc/node_modules/@types/react/index"' can only be default-imported using the 'esModuleInterop' flag
node_modules/@dnd-kit/core/dist/components/DragOverlay/components/NullifiedContextProvider/NullifiedContextProvider.d.ts(5,72): error TS2503: Cannot find namespace 'JSX'.
node_modules/@dnd-kit/core/dist/components/DragOverlay/components/PositionedOverlay/PositionedOverlay.d.ts(1,8): error TS1259: Module '"C:/Users/HP/avid-trainings-llc/node_modules/@types/react/index"' can only be default-imported using the 'esModuleInterop' flag
node_modules/@dnd-kit/core/dist/components/DragOverlay/components/PositionedOverlay/PositionedOverlay.d.ts(6,15): error TS2503: Cannot find namespace 'JSX'.
node_modules/@dnd-kit/core/dist/components/DragOverlay/DragOverlay.d.ts(1,8): error TS1259: Module '"C:/Users/HP/avid-trainings-llc/node_modules/@types/react/index"' can only be default-imported using the 'esModuleInterop' flag
node_modules/@dnd-kit/core/dist/components/DragOverlay/DragOverlay.d.ts(8,28): error TS2503: Cannot find namespace 'JSX'.
node_modules/@dnd-kit/core/dist/components/DragOverlay/DragOverlay.d.ts(11,201): error TS2503: Cannot find namespace 'JSX'.
node_modules/@dnd-kit/sortable/dist/components/SortableContext.d.ts(1,8): error TS1259: Module '"C:/Users/HP/avid-trainings-llc/node_modules/@types/react/index"' can only be default-imported using the 'esModuleInterop' flag
node_modules/@dnd-kit/sortable/dist/components/SortableContext.d.ts(25,127): error TS2503: Cannot find namespace 'JSX'.
node_modules/@tiptap/react/dist/index.d.ts(5,8): error TS1259: Module '"C:/Users/HP/avid-trainings-llc/node_modules/@types/react/index"' can only be default-imported using the 'esModuleInterop' flag
node_modules/@tiptap/react/dist/index.d.ts(87,20): error TS2344: Type 'T' does not satisfy the constraint 'keyof IntrinsicElements | JSXElementConstructor<any>'.
  Type 'string | number | symbol' is not assignable to type 'keyof IntrinsicElements | JSXElementConstructor<any>'.
    Type 'string' is not assignable to type 'keyof IntrinsicElements | JSXElementConstructor<any>'.
node_modules/next/dist/client/components/segment-cache/cache.d.ts(104,21): error TS2304: Cannot find name 'PromiseWithResolvers'.
node_modules/next/dist/shared/lib/app-router-context.shared-runtime.d.ts(4,8): error TS1259: Module '"C:/Users/HP/avid-trainings-llc/node_modules/@types/react/index"' can only be default-imported using the 'esModuleInterop' flag
node_modules/next/dist/shared/lib/app-router-types.d.ts(7,13): error TS1259: Module '"C:/Users/HP/avid-trainings-llc/node_modules/@types/react/index"' can only be default-imported using the 'esModuleInterop' flag
node_modules/next/dist/shared/lib/server-inserted-html.shared-runtime.d.ts(1,8): error TS1259: Module '"C:/Users/HP/avid-trainings-llc/node_modules/@types/react/index"' can only be default-imported using the 'esModuleInterop' flag
src/app/dashboard/editor/[courseId]/[lectureId]/[pageId]/page.tsx(3,8): error TS1259: Module '"C:/Users/HP/avid-trainings-llc/node_modules/@types/react/index"' can only be default-imported using the 'esModuleInterop' flag
src/app/dashboard/editor/[courseId]/[lectureId]/[pageId]/page.tsx(74,46): error TS2307: Cannot find module '@/components/reactbits/ScrollStack/ScrollStack' or its corresponding type declarations.
src/app/dashboard/editor/[courseId]/[lectureId]/[pageId]/page.tsx(75,18): error TS2307: Cannot find module '@/components/reactbits/Dock/Dock' or its corresponding type declarations.
src/app/dashboard/editor/[courseId]/[lectureId]/[pageId]/page.tsx(76,28): error TS2307: Cannot find module '@/components/reactbits/RadialMenu/RadialMenu' or its corresponding type declarations.
src/app/dashboard/editor/[courseId]/[lectureId]/[pageId]/page.tsx(77,76): error TS2307: Cannot find module '@/components/animate-ui/components/base/accordion' or its corresponding type declarations.
src/app/dashboard/editor/[courseId]/[lectureId]/[pageId]/page.tsx(78,55): error TS2307: Cannot find module '@/components/animate-ui/components/base/popover' or its corresponding type declarations.
src/app/dashboard/editor/[courseId]/[lectureId]/[pageId]/page.tsx(125,100): error TS17004: Cannot use JSX unless the '--jsx' flag is provided.
src/app/dashboard/editor/[courseId]/[lectureId]/[pageId]/page.tsx(125,145): error TS17004: Cannot use JSX unless the '--jsx' flag is provided.
src/app/dashboard/editor/[courseId]/[lectureId]/[pageId]/page.tsx(125,196): error TS17004: Cannot use JSX unless the '--jsx' flag is provided.
src/app/dashboard/editor/[courseId]/[lectureId]/[pageId]/page.tsx(125,247): error TS17004: Cannot use JSX unless the '--jsx' flag is provided.
src/app/dashboard/editor/[courseId]/[lectureId]/[pageId]/page.tsx(126,108): error TS17004: Cannot use JSX unless the '--jsx' flag is provided.
src/app/dashboard/editor/[courseId]/[lectureId]/[pageId]/page.tsx(126,153): error TS17004: Cannot use JSX unless the '--jsx' flag is provided.
src/app/dashboard/editor/[courseId]/[lectureId]/[pageId]/page.tsx(126,181): error TS17004: Cannot use JSX unless the '--jsx' flag is provided.
src/app/dashboard/editor/[courseId]/[lectureId]/[pageId]/page.tsx(126,238): error TS17004: Cannot use JSX unless the '--jsx' flag is provided.
src/app/dashboard/editor/[courseId]/[lectureId]/[pageId]/page.tsx(126,295): error TS17004: Cannot use JSX unless the '--jsx' flag is provided.
src/app/dashboard/editor/[courseId]/[lectureId]/[pageId]/page.tsx(126,323): error TS17004: Cannot use JSX unless the '--jsx' flag is provided.
src/app/dashboard/editor/[courseId]/[lectureId]/[pageId]/page.tsx(126,380): error TS17004: Cannot use JSX unless the '--jsx' flag is provided.
src/app/dashboard/editor/[courseId]/[lectureId]/[pageId]/page.tsx(127,105): error TS17004: Cannot use JSX unless the '--jsx' flag is provided.
src/app/dashboard/editor/[courseId]/[lectureId]/[pageId]/page.tsx(127,151): error TS17004: Cannot use JSX unless the '--jsx' flag is provided.
src/app/dashboard/editor/[courseId]/[lectureId]/[pageId]/page.tsx(127,198): error TS17004: Cannot use JSX unless the '--jsx' flag is provided.
src/app/dashboard/editor/[courseId]/[lectureId]/[pageId]/page.tsx(127,232): error TS17004: Cannot use JSX unless the '--jsx' flag is provided.
src/app/dashboard/editor/[courseId]/[lectureId]/[pageId]/page.tsx(127,283): error TS17004: Cannot use JSX unless the '--jsx' flag is provided.
src/app/dashboard/editor/[courseId]/[lectureId]/[pageId]/page.tsx(128,97): error TS17004: Cannot use JSX unless the '--jsx' flag is provided.
src/app/dashboard/editor/[courseId]/[lectureId]/[pageId]/page.tsx(128,142): error TS17004: Cannot use JSX unless the '--jsx' flag is provided.
src/app/dashboard/editor/[courseId]/[lectureId]/[pageId]/page.tsx(128,170): error TS17004: Cannot use JSX unless the '--jsx' flag is provided.
src/app/dashboard/editor/[courseId]/[lectureId]/[pageId]/page.tsx(128,214): error TS17004: Cannot use JSX unless the '--jsx' flag is provided.
src/app/dashboard/editor/[courseId]/[lectureId]/[pageId]/page.tsx(128,271): error TS17004: Cannot use JSX unless the '--jsx' flag is provided.
src/app/dashboard/editor/[courseId]/[lectureId]/[pageId]/page.tsx(128,299): error TS17004: Cannot use JSX unless the '--jsx' flag is provided.
src/app/dashboard/editor/[courseId]/[lectureId]/[pageId]/page.tsx(128,343): error TS17004: Cannot use JSX unless the '--jsx' flag is provided.
src/app/dashboard/editor/[courseId]/[lectureId]/[pageId]/page.tsx(129,115): error TS17004: Cannot use JSX unless the '--jsx' flag is provided.
src/app/dashboard/editor/[courseId]/[lectureId]/[pageId]/page.tsx(129,166): error TS17004: Cannot use JSX unless the '--jsx' flag is provided.
src/app/dashboard/editor/[courseId]/[lectureId]/[pageId]/page.tsx(129,215): error TS17004: Cannot use JSX unless the '--jsx' flag is provided.
src/app/dashboard/editor/[courseId]/[lectureId]/[pageId]/page.tsx(129,254): error TS17004: Cannot use JSX unless the '--jsx' flag is provided.
src/app/dashboard/editor/[courseId]/[lectureId]/[pageId]/page.tsx(129,297): error TS17004: Cannot use JSX unless the '--jsx' flag is provided.
src/app/dashboard/editor/[courseId]/[lectureId]/[pageId]/page.tsx(129,340): error TS17004: Cannot use JSX unless the '--jsx' flag is provided.
src/app/dashboard/editor/[courseId]/[lectureId]/[pageId]/page.tsx(130,120): error TS17004: Cannot use JSX unless the '--jsx' flag is provided.
src/app/dashboard/editor/[courseId]/[lectureId]/[pageId]/page.tsx(130,171): error TS17004: Cannot use JSX unless the '--jsx' flag is provided.
src/app/dashboard/editor/[courseId]/[lectureId]/[pageId]/page.tsx(130,210): error TS17004: Cannot use JSX unless the '--jsx' flag is provided.
src/app/dashboard/editor/[courseId]/[lectureId]/[pageId]/page.tsx(130,253): error TS17004: Cannot use JSX unless the '--jsx' flag is provided.
src/app/dashboard/editor/[courseId]/[lectureId]/[pageId]/page.tsx(130,296): error TS17004: Cannot use JSX unless the '--jsx' flag is provided.
src/app/dashboard/editor/[courseId]/[lectureId]/[pageId]/page.tsx(130,344): error TS17004: Cannot use JSX unless the '--jsx' flag is provided.
src/app/dashboard/editor/[courseId]/[lectureId]/[pageId]/page.tsx(131,103): error TS17004: Cannot use JSX unless the '--jsx' flag is provided.
src/app/dashboard/editor/[courseId]/[lectureId]/[pageId]/page.tsx(131,148): error TS17004: Cannot use JSX unless the '--jsx' flag is provided.
src/app/dashboard/editor/[courseId]/[lectureId]/[pageId]/page.tsx(131,203): error TS17004: Cannot use JSX unless the '--jsx' flag is provided.
src/app/dashboard/editor/[courseId]/[lectureId]/[pageId]/page.tsx(132,108): error TS17004: Cannot use JSX unless the '--jsx' flag is provided.
src/app/dashboard/editor/[courseId]/[lectureId]/[pageId]/page.tsx(132,153): error TS17004: Cannot use JSX unless the '--jsx' flag is provided.
src/app/dashboard/editor/[courseId]/[lectureId]/[pageId]/page.tsx(132,239): error TS17004: Cannot use JSX unless the '--jsx' flag is provided.
src/app/dashboard/editor/[courseId]/[lectureId]/[pageId]/page.tsx(132,298): error TS17004: Cannot use JSX unless the '--jsx' flag is provided.
src/app/dashboard/editor/[courseId]/[lectureId]/[pageId]/page.tsx(133,105): error TS17004: Cannot use JSX unless the '--jsx' flag is provided.
src/app/dashboard/editor/[courseId]/[lectureId]/[pageId]/page.tsx(133,150): error TS17004: Cannot use JSX unless the '--jsx' flag is provided.
src/app/dashboard/editor/[courseId]/[lectureId]/[pageId]/page.tsx(133,192): error TS17004: Cannot use JSX unless the '--jsx' flag is provided.
src/app/dashboard/editor/[courseId]/[lectureId]/[pageId]/page.tsx(133,232): error TS17004: Cannot use JSX unless the '--jsx' flag is provided.
src/app/dashboard/editor/[courseId]/[lectureId]/[pageId]/page.tsx(133,272): error TS17004: Cannot use JSX unless the '--jsx' flag is provided.
src/app/dashboard/editor/[courseId]/[lectureId]/[pageId]/page.tsx(133,312): error TS17004: Cannot use JSX unless the '--jsx' flag is provided.
src/app/dashboard/editor/[courseId]/[lectureId]/[pageId]/page.tsx(133,358): error TS17004: Cannot use JSX unless the '--jsx' flag is provided.
src/app/dashboard/editor/[courseId]/[lectureId]/[pageId]/page.tsx(133,385): error TS17004: Cannot use JSX unless the '--jsx' flag is provided.
src/app/dashboard/editor/[courseId]/[lectureId]/[pageId]/page.tsx(133,428): error TS17004: Cannot use JSX unless the '--jsx' flag is provided.
src/app/dashboard/editor/[courseId]/[lectureId]/[pageId]/page.tsx(134,103): error TS17004: Cannot use JSX unless the '--jsx' flag is provided.
src/app/dashboard/editor/[courseId]/[lectureId]/[pageId]/page.tsx(134,148): error TS17004: Cannot use JSX unless the '--jsx' flag is provided.
src/app/dashboard/editor/[courseId]/[lectureId]/[pageId]/page.tsx(134,176): error TS17004: Cannot use JSX unless the '--jsx' flag is provided.
src/app/dashboard/editor/[courseId]/[lectureId]/[pageId]/page.tsx(134,223): error TS17004: Cannot use JSX unless the '--jsx' flag is provided.
src/app/dashboard/editor/[courseId]/[lectureId]/[pageId]/page.tsx(134,271): error TS17004: Cannot use JSX unless the '--jsx' flag is provided.
src/app/dashboard/editor/[courseId]/[lectureId]/[pageId]/page.tsx(134,325): error TS17004: Cannot use JSX unless the '--jsx' flag is provided.
src/app/dashboard/editor/[courseId]/[lectureId]/[pageId]/page.tsx(135,97): error TS17004: Cannot use JSX unless the '--jsx' flag is provided.
src/app/dashboard/editor/[courseId]/[lectureId]/[pageId]/page.tsx(135,148): error TS17004: Cannot use JSX unless the '--jsx' flag is provided.
src/app/dashboard/editor/[courseId]/[lectureId]/[pageId]/page.tsx(135,179): error TS17004: Cannot use JSX unless the '--jsx' flag is provided.
src/app/dashboard/editor/[courseId]/[lectureId]/[pageId]/page.tsx(135,231): error TS17004: Cannot use JSX unless the '--jsx' flag is provided.
src/app/dashboard/editor/[courseId]/[lectureId]/[pageId]/page.tsx(135,290): error TS17004: Cannot use JSX unless the '--jsx' flag is provided.
src/app/dashboard/editor/[courseId]/[lectureId]/[pageId]/page.tsx(136,105): error TS17004: Cannot use JSX unless the '--jsx' flag is provided.
src/app/dashboard/editor/[courseId]/[lectureId]/[pageId]/page.tsx(136,150): error TS17004: Cannot use JSX unless the '--jsx' flag is provided.
src/app/dashboard/editor/[courseId]/[lectureId]/[pageId]/page.tsx(136,239): error TS17004: Cannot use JSX unless the '--jsx' flag is provided.
src/app/dashboard/editor/[courseId]/[lectureId]/[pageId]/page.tsx(136,298): error TS17004: Cannot use JSX unless the '--jsx' flag is provided.
src/app/dashboard/editor/[courseId]/[lectureId]/[pageId]/page.tsx(136,387): error TS17004: Cannot use JSX unless the '--jsx' flag is provided.
src/app/dashboard/editor/[courseId]/[lectureId]/[pageId]/page.tsx(136,446): error TS17004: Cannot use JSX unless the '--jsx' flag is provided.
src/app/dashboard/editor/[courseId]/[lectureId]/[pageId]/page.tsx(136,535): error TS17004: Cannot use JSX unless the '--jsx' flag is provided.
src/app/dashboard/editor/[courseId]/[lectureId]/[pageId]/page.tsx(137,93): error TS17004: Cannot use JSX unless the '--jsx' flag is provided.
src/app/dashboard/editor/[courseId]/[lectureId]/[pageId]/page.tsx(137,138): error TS17004: Cannot use JSX unless the '--jsx' flag is provided.
src/app/dashboard/editor/[courseId]/[lectureId]/[pageId]/page.tsx(137,166): error TS17004: Cannot use JSX unless the '--jsx' flag is provided.
src/app/dashboard/editor/[courseId]/[lectureId]/[pageId]/page.tsx(137,278): error TS17004: Cannot use JSX unless the '--jsx' flag is provided.
src/app/dashboard/editor/[courseId]/[lectureId]/[pageId]/page.tsx(137,335): error TS17004: Cannot use JSX unless the '--jsx' flag is provided.
src/app/dashboard/editor/[courseId]/[lectureId]/[pageId]/page.tsx(138,106): error TS17004: Cannot use JSX unless the '--jsx' flag is provided.
src/app/dashboard/editor/[courseId]/[lectureId]/[pageId]/page.tsx(138,151): error TS17004: Cannot use JSX unless the '--jsx' flag is provided.
src/app/dashboard/editor/[courseId]/[lectureId]/[pageId]/page.tsx(138,194): error TS17004: Cannot use JSX unless the '--jsx' flag is provided.
src/app/dashboard/editor/[courseId]/[lectureId]/[pageId]/page.tsx(138,227): error TS17004: Cannot use JSX unless the '--jsx' flag is provided.
src/app/dashboard/editor/[courseId]/[lectureId]/[pageId]/page.tsx(138,296): error TS17004: Cannot use JSX unless the '--jsx' flag is provided.
src/app/dashboard/editor/[courseId]/[lectureId]/[pageId]/page.tsx(139,108): error TS17004: Cannot use JSX unless the '--jsx' flag is provided.
src/app/dashboard/editor/[courseId]/[lectureId]/[pageId]/page.tsx(139,135): error TS17004: Cannot use JSX unless the '--jsx' flag is provided.
src/app/dashboard/editor/[courseId]/[lectureId]/[pageId]/page.tsx(139,186): error TS17004: Cannot use JSX unless the '--jsx' flag is provided.
src/app/dashboard/editor/[courseId]/[lectureId]/[pageId]/page.tsx(139,236): error TS17004: Cannot use JSX unless the '--jsx' flag is provided.
src/app/dashboard/editor/[courseId]/[lectureId]/[pageId]/page.tsx(139,286): error TS17004: Cannot use JSX unless the '--jsx' flag is provided.
src/app/dashboard/editor/[courseId]/[lectureId]/[pageId]/page.tsx(140,108): error TS17004: Cannot use JSX unless the '--jsx' flag is provided.
src/app/dashboard/editor/[courseId]/[lectureId]/[pageId]/page.tsx(140,135): error TS17004: Cannot use JSX unless the '--jsx' flag is provided.
src/app/dashboard/editor/[courseId]/[lectureId]/[pageId]/page.tsx(140,176): error TS17004: Cannot use JSX unless the '--jsx' flag is provided.
src/app/dashboard/editor/[courseId]/[lectureId]/[pageId]/page.tsx(140,228): error TS17004: Cannot use JSX unless the '--jsx' flag is provided.
src/app/dashboard/editor/[courseId]/[lectureId]/[pageId]/page.tsx(140,285): error TS17004: Cannot use JSX unless the '--jsx' flag is provided.
src/app/dashboard/editor/[courseId]/[lectureId]/[pageId]/page.tsx(140,326): error TS17004: Cannot use JSX unless the '--jsx' flag is provided.
src/app/dashboard/editor/[courseId]/[lectureId]/[pageId]/page.tsx(140,378): error TS17004: Cannot use JSX unless the '--jsx' flag is provided.
src/app/dashboard/editor/[courseId]/[lectureId]/[pageId]/page.tsx(140,435): error TS17004: Cannot use JSX unless the '--jsx' flag is provided.
src/app/dashboard/editor/[courseId]/[lectureId]/[pageId]/page.tsx(140,476): error TS17004: Cannot use JSX unless the '--jsx' flag is provided.
src/app/dashboard/editor/[courseId]/[lectureId]/[pageId]/page.tsx(140,528): error TS17004: Cannot use JSX unless the '--jsx' flag is provided.
src/app/dashboard/editor/[courseId]/[lectureId]/[pageId]/page.tsx(141,101): error TS17004: Cannot use JSX unless the '--jsx' flag is provided.
src/app/dashboard/editor/[courseId]/[lectureId]/[pageId]/page.tsx(141,195): error TS17004: Cannot use JSX unless the '--jsx' flag is provided.
src/app/dashboard/editor/[courseId]/[lectureId]/[pageId]/page.tsx(141,245): error TS17004: Cannot use JSX unless the '--jsx' flag is provided.
src/app/dashboard/editor/[courseId]/[lectureId]/[pageId]/page.tsx(141,330): error TS17004: Cannot use JSX unless the '--jsx' flag is provided.
src/app/dashboard/editor/[courseId]/[lectureId]/[pageId]/page.tsx(142,108): error TS17004: Cannot use JSX unless the '--jsx' flag is provided.
src/app/dashboard/editor/[courseId]/[lectureId]/[pageId]/page.tsx(142,136): error TS17004: Cannot use JSX unless the '--jsx' flag is provided.
src/app/dashboard/editor/[courseId]/[lectureId]/[pageId]/page.tsx(142,194): error TS17004: Cannot use JSX unless the '--jsx' flag is provided.
src/app/dashboard/editor/[courseId]/[lectureId]/[pageId]/page.tsx(143,97): error TS17004: Cannot use JSX unless the '--jsx' flag is provided.
src/app/dashboard/editor/[courseId]/[lectureId]/[pageId]/page.tsx(143,225): error TS17004: Cannot use JSX unless the '--jsx' flag is provided.
src/app/dashboard/editor/[courseId]/[lectureId]/[pageId]/page.tsx(267,13): error TS17004: Cannot use JSX unless the '--jsx' flag is provided.
src/app/dashboard/editor/[courseId]/[lectureId]/[pageId]/page.tsx(268,13): error TS17004: Cannot use JSX unless the '--jsx' flag is provided.
src/app/dashboard/editor/[courseId]/[lectureId]/[pageId]/page.tsx(269,13): error TS17004: Cannot use JSX unless the '--jsx' flag is provided.
src/app/dashboard/editor/[courseId]/[lectureId]/[pageId]/page.tsx(270,13): error TS17004: Cannot use JSX unless the '--jsx' flag is provided.
src/app/dashboard/editor/[courseId]/[lectureId]/[pageId]/page.tsx(274,5): error TS17004: Cannot use JSX unless the '--jsx' flag is provided.
src/app/dashboard/editor/[courseId]/[lectureId]/[pageId]/page.tsx(275,7): error TS17004: Cannot use JSX unless the '--jsx' flag is provided.
src/app/dashboard/editor/[courseId]/[lectureId]/[pageId]/page.tsx(277,7): error TS17004: Cannot use JSX unless the '--jsx' flag is provided.
src/app/dashboard/editor/[courseId]/[lectureId]/[pageId]/page.tsx(278,9): error TS17004: Cannot use JSX unless the '--jsx' flag is provided.
src/app/dashboard/editor/[courseId]/[lectureId]/[pageId]/page.tsx(279,11): error TS17004: Cannot use JSX unless the '--jsx' flag is provided.
src/app/dashboard/editor/[courseId]/[lectureId]/[pageId]/page.tsx(279,160): error TS17004: Cannot use JSX unless the '--jsx' flag is provided.
src/app/dashboard/editor/[courseId]/[lectureId]/[pageId]/page.tsx(280,11): error TS17004: Cannot use JSX unless the '--jsx' flag is provided.
src/app/dashboard/editor/[courseId]/[lectureId]/[pageId]/page.tsx(281,13): error TS17004: Cannot use JSX unless the '--jsx' flag is provided.
src/app/dashboard/editor/[courseId]/[lectureId]/[pageId]/page.tsx(282,15): error TS17004: Cannot use JSX unless the '--jsx' flag is provided.
src/app/dashboard/editor/[courseId]/[lectureId]/[pageId]/page.tsx(283,15): error TS17004: Cannot use JSX unless the '--jsx' flag is provided.
src/app/dashboard/editor/[courseId]/[lectureId]/[pageId]/page.tsx(284,15): error TS17004: Cannot use JSX unless the '--jsx' flag is provided.
src/app/dashboard/editor/[courseId]/[lectureId]/[pageId]/page.tsx(285,15): error TS17004: Cannot use JSX unless the '--jsx' flag is provided.
src/app/dashboard/editor/[courseId]/[lectureId]/[pageId]/page.tsx(286,15): error TS17004: Cannot use JSX unless the '--jsx' flag is provided.
src/app/dashboard/editor/[courseId]/[lectureId]/[pageId]/page.tsx(288,13): error TS17004: Cannot use JSX unless the '--jsx' flag is provided.
src/app/dashboard/editor/[courseId]/[lectureId]/[pageId]/page.tsx(289,15): error TS17004: Cannot use JSX unless the '--jsx' flag is provided.
src/app/dashboard/editor/[courseId]/[lectureId]/[pageId]/page.tsx(293,9): error TS17004: Cannot use JSX unless the '--jsx' flag is provided.
src/app/dashboard/editor/[courseId]/[lectureId]/[pageId]/page.tsx(294,11): error TS17004: Cannot use JSX unless the '--jsx' flag is provided.
src/app/dashboard/editor/[courseId]/[lectureId]/[pageId]/page.tsx(295,11): error TS17004: Cannot use JSX unless the '--jsx' flag is provided.
src/app/dashboard/editor/[courseId]/[lectureId]/[pageId]/page.tsx(299,7): error TS17004: Cannot use JSX unless the '--jsx' flag is provided.
src/app/dashboard/editor/[courseId]/[lectureId]/[pageId]/page.tsx(301,11): error TS17004: Cannot use JSX unless the '--jsx' flag is provided.
src/app/dashboard/editor/[courseId]/[lectureId]/[pageId]/page.tsx(302,13): error TS17004: Cannot use JSX unless the '--jsx' flag is provided.
src/app/dashboard/editor/[courseId]/[lectureId]/[pageId]/page.tsx(303,15): error TS17004: Cannot use JSX unless the '--jsx' flag is provided.
src/app/dashboard/editor/[courseId]/[lectureId]/[pageId]/page.tsx(306,15): error TS17004: Cannot use JSX unless the '--jsx' flag is provided.
src/app/dashboard/editor/[courseId]/[lectureId]/[pageId]/page.tsx(310,17): error TS17004: Cannot use JSX unless the '--jsx' flag is provided.
src/app/dashboard/editor/[courseId]/[lectureId]/[pageId]/page.tsx(314,13): error TS17004: Cannot use JSX unless the '--jsx' flag is provided.
src/app/dashboard/editor/[courseId]/[lectureId]/[pageId]/page.tsx(315,15): error TS17004: Cannot use JSX unless the '--jsx' flag is provided.
src/app/dashboard/editor/[courseId]/[lectureId]/[pageId]/page.tsx(317,19): error TS17004: Cannot use JSX unless the '--jsx' flag is provided.
src/app/dashboard/editor/[courseId]/[lectureId]/[pageId]/page.tsx(330,21): error TS17004: Cannot use JSX unless the '--jsx' flag is provided.
src/app/dashboard/editor/[courseId]/[lectureId]/[pageId]/page.tsx(339,21): error TS17004: Cannot use JSX unless the '--jsx' flag is provided.
src/app/dashboard/editor/[courseId]/[lectureId]/[pageId]/page.tsx(340,23): error TS17004: Cannot use JSX unless the '--jsx' flag is provided.
src/app/dashboard/editor/[courseId]/[lectureId]/[pageId]/page.tsx(343,23): error TS17004: Cannot use JSX unless the '--jsx' flag is provided.
src/app/dashboard/editor/[courseId]/[lectureId]/[pageId]/page.tsx(350,23): error TS17004: Cannot use JSX unless the '--jsx' flag is provided.
src/app/dashboard/editor/[courseId]/[lectureId]/[pageId]/page.tsx(357,25): error TS17004: Cannot use JSX unless the '--jsx' flag is provided.
src/app/dashboard/editor/[courseId]/[lectureId]/[pageId]/page.tsx(367,9): error TS17004: Cannot use JSX unless the '--jsx' flag is provided.
src/app/dashboard/editor/[courseId]/[lectureId]/[pageId]/page.tsx(368,12): error TS17004: Cannot use JSX unless the '--jsx' flag is provided.
src/app/dashboard/editor/[courseId]/[lectureId]/[pageId]/page.tsx(370,14): error TS17004: Cannot use JSX unless the '--jsx' flag is provided.
src/app/dashboard/editor/[courseId]/[lectureId]/[pageId]/page.tsx(371,16): error TS17004: Cannot use JSX unless the '--jsx' flag is provided.
src/app/dashboard/editor/[courseId]/[lectureId]/[pageId]/page.tsx(372,18): error TS17004: Cannot use JSX unless the '--jsx' flag is provided.
src/app/dashboard/editor/[courseId]/[lectureId]/[pageId]/page.tsx(380,7): error TS17004: Cannot use JSX unless the '--jsx' flag is provided.
src/app/dashboard/editor/[courseId]/[lectureId]/[pageId]/page.tsx(382,11): error TS17004: Cannot use JSX unless the '--jsx' flag is provided.
src/app/dashboard/editor/[courseId]/[lectureId]/[pageId]/page.tsx(383,13): error TS17004: Cannot use JSX unless the '--jsx' flag is provided.
src/app/dashboard/editor/[courseId]/[lectureId]/[pageId]/page.tsx(384,13): error TS17004: Cannot use JSX unless the '--jsx' flag is provided.
src/app/dashboard/editor/[courseId]/[lectureId]/[pageId]/page.tsx(385,15): error TS17004: Cannot use JSX unless the '--jsx' flag is provided.
src/app/dashboard/editor/[courseId]/[lectureId]/[pageId]/page.tsx(386,17): error TS17004: Cannot use JSX unless the '--jsx' flag is provided.
src/app/dashboard/editor/[courseId]/[lectureId]/[pageId]/page.tsx(387,19): error TS17004: Cannot use JSX unless the '--jsx' flag is provided.
src/app/dashboard/editor/[courseId]/[lectureId]/[pageId]/page.tsx(388,19): error TS17004: Cannot use JSX unless the '--jsx' flag is provided.
src/app/dashboard/editor/[courseId]/[lectureId]/[pageId]/page.tsx(388,67): error TS17004: Cannot use JSX unless the '--jsx' flag is provided.
src/app/dashboard/editor/[courseId]/[lectureId]/[pageId]/page.tsx(391,19): error TS17004: Cannot use JSX unless the '--jsx' flag is provided.
src/app/dashboard/editor/[courseId]/[lectureId]/[pageId]/page.tsx(392,21): error TS17004: Cannot use JSX unless the '--jsx' flag is provided.
src/app/dashboard/editor/[courseId]/[lectureId]/[pageId]/page.tsx(392,62): error TS17004: Cannot use JSX unless the '--jsx' flag is provided.
src/app/dashboard/editor/[courseId]/[lectureId]/[pageId]/page.tsx(392,148): error TS17004: Cannot use JSX unless the '--jsx' flag is provided.
src/app/dashboard/editor/[courseId]/[lectureId]/[pageId]/page.tsx(393,21): error TS17004: Cannot use JSX unless the '--jsx' flag is provided.
src/app/dashboard/editor/[courseId]/[lectureId]/[pageId]/page.tsx(396,19): error TS17004: Cannot use JSX unless the '--jsx' flag is provided.
src/app/dashboard/editor/[courseId]/[lectureId]/[pageId]/page.tsx(397,21): error TS17004: Cannot use JSX unless the '--jsx' flag is provided.
src/app/dashboard/editor/[courseId]/[lectureId]/[pageId]/page.tsx(398,21): error TS17004: Cannot use JSX unless the '--jsx' flag is provided.
src/app/dashboard/editor/[courseId]/[lectureId]/[pageId]/page.tsx(399,23): error TS17004: Cannot use JSX unless the '--jsx' flag is provided.
src/app/dashboard/editor/[courseId]/[lectureId]/[pageId]/page.tsx(399,28): error TS17004: Cannot use JSX unless the '--jsx' flag is provided.
src/app/dashboard/editor/[courseId]/[lectureId]/[pageId]/page.tsx(400,25): error TS17004: Cannot use JSX unless the '--jsx' flag is provided.
src/app/dashboard/editor/[courseId]/[lectureId]/[pageId]/page.tsx(401,27): error TS17004: Cannot use JSX unless the '--jsx' flag is provided.
src/app/dashboard/editor/[courseId]/[lectureId]/[pageId]/page.tsx(402,27): error TS17004: Cannot use JSX unless the '--jsx' flag is provided.
src/app/dashboard/editor/[courseId]/[lectureId]/[pageId]/page.tsx(403,27): error TS17004: Cannot use JSX unless the '--jsx' flag is provided.
src/app/dashboard/editor/[courseId]/[lectureId]/[pageId]/page.tsx(406,23): error TS17004: Cannot use JSX unless the '--jsx' flag is provided.
src/app/dashboard/editor/[courseId]/[lectureId]/[pageId]/page.tsx(406,28): error TS17004: Cannot use JSX unless the '--jsx' flag is provided.
src/app/dashboard/editor/[courseId]/[lectureId]/[pageId]/page.tsx(407,25): error TS17004: Cannot use JSX unless the '--jsx' flag is provided.
src/app/dashboard/editor/[courseId]/[lectureId]/[pageId]/page.tsx(409,23): error TS17004: Cannot use JSX unless the '--jsx' flag is provided.
src/app/dashboard/editor/[courseId]/[lectureId]/[pageId]/page.tsx(409,28): error TS17004: Cannot use JSX unless the '--jsx' flag is provided.
src/app/dashboard/editor/[courseId]/[lectureId]/[pageId]/page.tsx(410,25): error TS17004: Cannot use JSX unless the '--jsx' flag is provided.
src/app/dashboard/editor/[courseId]/[lectureId]/[pageId]/page.tsx(415,17): error TS17004: Cannot use JSX unless the '--jsx' flag is provided.
src/app/dashboard/editor/[courseId]/[lectureId]/[pageId]/page.tsx(416,19): error TS17004: Cannot use JSX unless the '--jsx' flag is provided.
src/app/dashboard/editor/[courseId]/[lectureId]/[pageId]/page.tsx(417,34): error TS17004: Cannot use JSX unless the '--jsx' flag is provided.
src/app/dashboard/editor/[courseId]/[lectureId]/[pageId]/page.tsx(425,7): error TS17004: Cannot use JSX unless the '--jsx' flag is provided.
src/app/dashboard/editor/[courseId]/[lectureId]/[pageId]/page.tsx(427,11): error TS17004: Cannot use JSX unless the '--jsx' flag is provided.
src/app/dashboard/editor/[courseId]/[lectureId]/[pageId]/page.tsx(428,13): error TS17004: Cannot use JSX unless the '--jsx' flag is provided.
src/app/dashboard/editor/[courseId]/[lectureId]/[pageId]/page.tsx(429,13): error TS17004: Cannot use JSX unless the '--jsx' flag is provided.
src/app/dashboard/editor/[courseId]/[lectureId]/[pageId]/page.tsx(430,16): error TS17004: Cannot use JSX unless the '--jsx' flag is provided.
src/app/dashboard/editor/[courseId]/[lectureId]/[pageId]/page.tsx(430,113): error TS17004: Cannot use JSX unless the '--jsx' flag is provided.
src/app/dashboard/editor/[courseId]/[lectureId]/[pageId]/page.tsx(430,118): error TS17004: Cannot use JSX unless the '--jsx' flag is provided.
src/app/dashboard/editor/[courseId]/[lectureId]/[pageId]/page.tsx(430,194): error TS17004: Cannot use JSX unless the '--jsx' flag is provided.
src/app/dashboard/editor/[courseId]/[lectureId]/[pageId]/page.tsx(430,298): error TS17004: Cannot use JSX unless the '--jsx' flag is provided.
src/app/dashboard/editor/[courseId]/[lectureId]/[pageId]/page.tsx(430,385): error TS17004: Cannot use JSX unless the '--jsx' flag is provided.
src/app/dashboard/editor/[courseId]/[lectureId]/[pageId]/page.tsx(431,16): error TS17004: Cannot use JSX unless the '--jsx' flag is provided.
src/app/dashboard/editor/[courseId]/[lectureId]/[pageId]/page.tsx(432,19): error TS17004: Cannot use JSX unless the '--jsx' flag is provided.
src/app/dashboard/editor/[courseId]/[lectureId]/[pageId]/page.tsx(433,45): error TS17004: Cannot use JSX unless the '--jsx' flag is provided.
src/app/dashboard/editor/[courseId]/[lectureId]/[pageId]/page.tsx(435,19): error TS17004: Cannot use JSX unless the '--jsx' flag is provided.
src/app/dashboard/editor/[courseId]/[lectureId]/[pageId]/page.tsx(437,24): error TS17004: Cannot use JSX unless the '--jsx' flag is provided.
src/app/dashboard/editor/[courseId]/[lectureId]/[pageId]/page.tsx(437,258): error TS17004: Cannot use JSX unless the '--jsx' flag is provided.
src/app/dashboard/editor/[courseId]/[lectureId]/[pageId]/page.tsx(437,353): error TS17004: Cannot use JSX unless the '--jsx' flag is provided.
src/app/dashboard/editor/[courseId]/[lectureId]/[pageId]/page.tsx(437,462): error TS17004: Cannot use JSX unless the '--jsx' flag is provided.
src/app/dashboard/editor/[courseId]/[lectureId]/[pageId]/page.tsx(437,499): error TS17004: Cannot use JSX unless the '--jsx' flag is provided.
src/app/dashboard/editor/[courseId]/[lectureId]/[pageId]/page.tsx(439,24): error TS17004: Cannot use JSX unless the '--jsx' flag is provided.
src/app/dashboard/editor/[courseId]/[lectureId]/[pageId]/page.tsx(439,258): error TS17004: Cannot use JSX unless the '--jsx' flag is provided.
src/app/dashboard/editor/[courseId]/[lectureId]/[pageId]/page.tsx(439,353): error TS17004: Cannot use JSX unless the '--jsx' flag is provided.
src/app/dashboard/editor/[courseId]/[lectureId]/[pageId]/page.tsx(439,462): error TS17004: Cannot use JSX unless the '--jsx' flag is provided.
src/app/dashboard/editor/[courseId]/[lectureId]/[pageId]/page.tsx(439,499): error TS17004: Cannot use JSX unless the '--jsx' flag is provided.
src/app/dashboard/editor/[courseId]/[lectureId]/[pageId]/page.tsx(443,16): error TS17004: Cannot use JSX unless the '--jsx' flag is provided.
src/app/dashboard/editor/[courseId]/[lectureId]/[pageId]/page.tsx(443,113): error TS17004: Cannot use JSX unless the '--jsx' flag is provided.
src/app/dashboard/editor/[courseId]/[lectureId]/[pageId]/page.tsx(443,280): error TS17004: Cannot use JSX unless the '--jsx' flag is provided.
src/app/dashboard/editor/[courseId]/[lectureId]/[pageId]/page.tsx(443,308): error TS17004: Cannot use JSX unless the '--jsx' flag is provided.
src/app/dashboard/editor/[courseId]/[lectureId]/[pageId]/page.tsx(443,433): error TS17004: Cannot use JSX unless the '--jsx' flag is provided.
src/app/dashboard/editor/[courseId]/[lectureId]/[pageId]/page.tsx(449,7): error TS17004: Cannot use JSX unless the '--jsx' flag is provided.
src/app/dashboard/editor/[courseId]/[lectureId]/[pageId]/page.tsx(506,5): error TS17004: Cannot use JSX unless the '--jsx' flag is provided.
src/app/dashboard/editor/[courseId]/[lectureId]/[pageId]/page.tsx(507,7): error TS17004: Cannot use JSX unless the '--jsx' flag is provided.
src/app/dashboard/editor/[courseId]/[lectureId]/[pageId]/page.tsx(509,11): error TS17004: Cannot use JSX unless the '--jsx' flag is provided.
src/app/dashboard/editor/[courseId]/[lectureId]/[pageId]/page.tsx(515,14): error TS17004: Cannot use JSX unless the '--jsx' flag is provided.
src/app/dashboard/editor/[courseId]/[lectureId]/[pageId]/page.tsx(516,16): error TS17004: Cannot use JSX unless the '--jsx' flag is provided.
src/app/dashboard/editor/[courseId]/[lectureId]/[pageId]/page.tsx(517,16): error TS17004: Cannot use JSX unless the '--jsx' flag is provided.
src/app/dashboard/editor/[courseId]/[lectureId]/[pageId]/page.tsx(518,17): error TS17004: Cannot use JSX unless the '--jsx' flag is provided.
src/app/dashboard/editor/[courseId]/[lectureId]/[pageId]/page.tsx(522,14): error TS17004: Cannot use JSX unless the '--jsx' flag is provided.
src/app/dashboard/editor/[courseId]/[lectureId]/[pageId]/page.tsx(532,11): error TS17004: Cannot use JSX unless the '--jsx' flag is provided.
src/app/dashboard/editor/[courseId]/[lectureId]/[pageId]/page.tsx(534,16): error TS17004: Cannot use JSX unless the '--jsx' flag is provided.
src/app/dashboard/editor/[courseId]/[lectureId]/[pageId]/page.tsx(535,19): error TS17004: Cannot use JSX unless the '--jsx' flag is provided.
src/app/dashboard/editor/[courseId]/[lectureId]/[pageId]/page.tsx(535,197): error TS17004: Cannot use JSX unless the '--jsx' flag is provided.
src/app/dashboard/editor/[courseId]/[lectureId]/[pageId]/page.tsx(536,19): error TS17004: Cannot use JSX unless the '--jsx' flag is provided.
src/app/dashboard/editor/[courseId]/[lectureId]/[pageId]/page.tsx(536,201): error TS17004: Cannot use JSX unless the '--jsx' flag is provided.
src/app/dashboard/editor/[courseId]/[lectureId]/[pageId]/page.tsx(537,19): error TS17004: Cannot use JSX unless the '--jsx' flag is provided.
src/app/dashboard/editor/[courseId]/[lectureId]/[pageId]/page.tsx(537,207): error TS17004: Cannot use JSX unless the '--jsx' flag is provided.
src/app/dashboard/editor/[courseId]/[lectureId]/[pageId]/page.tsx(538,19): error TS17004: Cannot use JSX unless the '--jsx' flag is provided.
src/app/dashboard/editor/[courseId]/[lectureId]/[pageId]/page.tsx(539,19): error TS17004: Cannot use JSX unless the '--jsx' flag is provided.
src/app/dashboard/editor/[courseId]/[lectureId]/[pageId]/page.tsx(540,21): error TS17004: Cannot use JSX unless the '--jsx' flag is provided.
src/app/dashboard/editor/[courseId]/[lectureId]/[pageId]/page.tsx(540,53): error TS17004: Cannot use JSX unless the '--jsx' flag is provided.
src/app/dashboard/editor/[courseId]/[lectureId]/[pageId]/page.tsx(540,85): error TS17004: Cannot use JSX unless the '--jsx' flag is provided.
src/app/dashboard/editor/[courseId]/[lectureId]/[pageId]/page.tsx(540,117): error TS17004: Cannot use JSX unless the '--jsx' flag is provided.
src/app/dashboard/editor/[courseId]/[lectureId]/[pageId]/page.tsx(540,149): error TS17004: Cannot use JSX unless the '--jsx' flag is provided.
src/app/dashboard/editor/[courseId]/[lectureId]/[pageId]/page.tsx(540,181): error TS17004: Cannot use JSX unless the '--jsx' flag is provided.
src/app/dashboard/editor/[courseId]/[lectureId]/[pageId]/page.tsx(540,213): error TS17004: Cannot use JSX unless the '--jsx' flag is provided.
src/app/dashboard/editor/[courseId]/[lectureId]/[pageId]/page.tsx(540,245): error TS17004: Cannot use JSX unless the '--jsx' flag is provided.
src/app/dashboard/editor/[courseId]/[lectureId]/[pageId]/page.tsx(540,277): error TS17004: Cannot use JSX unless the '--jsx' flag is provided.
src/app/dashboard/editor/[courseId]/[lectureId]/[pageId]/page.tsx(542,19): error TS17004: Cannot use JSX unless the '--jsx' flag is provided.
src/app/dashboard/editor/[courseId]/[lectureId]/[pageId]/page.tsx(543,19): error TS17004: Cannot use JSX unless the '--jsx' flag is provided.
src/app/dashboard/editor/[courseId]/[lectureId]/[pageId]/page.tsx(543,174): error TS17004: Cannot use JSX unless the '--jsx' flag is provided.
src/app/dashboard/editor/[courseId]/[lectureId]/[pageId]/page.tsx(544,19): error TS17004: Cannot use JSX unless the '--jsx' flag is provided.
src/app/dashboard/editor/[courseId]/[lectureId]/[pageId]/page.tsx(544,189): error TS17004: Cannot use JSX unless the '--jsx' flag is provided.
src/app/dashboard/editor/[courseId]/[lectureId]/[pageId]/page.tsx(545,19): error TS17004: Cannot use JSX unless the '--jsx' flag is provided.
src/app/dashboard/editor/[courseId]/[lectureId]/[pageId]/page.tsx(548,14): error TS17004: Cannot use JSX unless the '--jsx' flag is provided.
src/app/dashboard/editor/[courseId]/[lectureId]/[pageId]/page.tsx(551,19): error TS17004: Cannot use JSX unless the '--jsx' flag is provided.
src/app/dashboard/editor/[courseId]/[lectureId]/[pageId]/page.tsx(552,21): error TS17004: Cannot use JSX unless the '--jsx' flag is provided.
src/app/dashboard/editor/[courseId]/[lectureId]/[pageId]/page.tsx(556,23): error TS17004: Cannot use JSX unless the '--jsx' flag is provided.
src/app/dashboard/editor/[courseId]/[lectureId]/[pageId]/page.tsx(562,17): error TS17004: Cannot use JSX unless the '--jsx' flag is provided.
src/app/dashboard/editor/[courseId]/[lectureId]/[pageId]/page.tsx(564,21): error TS17004: Cannot use JSX unless the '--jsx' flag is provided.
src/app/dashboard/editor/[courseId]/[lectureId]/[pageId]/page.tsx(571,44): error TS17004: Cannot use JSX unless the '--jsx' flag is provided.
src/app/dashboard/editor/[courseId]/[lectureId]/[pageId]/page.tsx(576,17): error TS17004: Cannot use JSX unless the '--jsx' flag is provided.
src/app/dashboard/editor/[courseId]/[lectureId]/[pageId]/page.tsx(579,17): error TS17004: Cannot use JSX unless the '--jsx' flag is provided.
src/app/dashboard/editor/[courseId]/[lectureId]/[pageId]/page.tsx(583,19): error TS17004: Cannot use JSX unless the '--jsx' flag is provided.
src/app/dashboard/editor/[courseId]/[lectureId]/[pageId]/page.tsx(594,81): error TS17004: Cannot use JSX unless the '--jsx' flag is provided.
src/app/dashboard/editor/[courseId]/[lectureId]/[pageId]/page.tsx(594,119): error TS17004: Cannot use JSX unless the '--jsx' flag is provided.
src/app/dashboard/editor/[courseId]/[lectureId]/[pageId]/page.tsx(595,41): error TS17004: Cannot use JSX unless the '--jsx' flag is provided.
src/app/dashboard/editor/[courseId]/[lectureId]/[pageId]/page.tsx(595,115): error TS17004: Cannot use JSX unless the '--jsx' flag is provided.
src/app/dashboard/editor/[courseId]/[lectureId]/[pageId]/page.tsx(595,187): error TS17004: Cannot use JSX unless the '--jsx' flag is provided.
src/app/dashboard/editor/[courseId]/[lectureId]/[pageId]/page.tsx(595,292): error TS17004: Cannot use JSX unless the '--jsx' flag is provided.
src/app/dashboard/editor/[courseId]/[lectureId]/[pageId]/page.tsx(596,40): error TS17004: Cannot use JSX unless the '--jsx' flag is provided.
src/app/dashboard/editor/[courseId]/[lectureId]/[pageId]/page.tsx(596,75): error TS17004: Cannot use JSX unless the '--jsx' flag is provided.
src/app/dashboard/editor/[courseId]/[lectureId]/[pageId]/page.tsx(596,300): error TS17004: Cannot use JSX unless the '--jsx' flag is provided.
src/app/dashboard/editor/[courseId]/[lectureId]/[pageId]/page.tsx(596,404): error TS17004: Cannot use JSX unless the '--jsx' flag is provided.
src/app/dashboard/editor/[courseId]/[lectureId]/[pageId]/page.tsx(596,492): error TS17004: Cannot use JSX unless the '--jsx' flag is provided.
src/app/dashboard/editor/[courseId]/[lectureId]/[pageId]/page.tsx(596,543): error TS17004: Cannot use JSX unless the '--jsx' flag is provided.
src/app/dashboard/editor/[courseId]/[lectureId]/[pageId]/page.tsx(596,743): error TS17004: Cannot use JSX unless the '--jsx' flag is provided.
src/app/dashboard/editor/[courseId]/[lectureId]/[pageId]/page.tsx(596,950): error TS17004: Cannot use JSX unless the '--jsx' flag is provided.
src/app/dashboard/editor/[courseId]/[lectureId]/[pageId]/page.tsx(596,1133): error TS17004: Cannot use JSX unless the '--jsx' flag is provided.
src/app/dashboard/editor/[courseId]/[lectureId]/[pageId]/page.tsx(597,78): error TS17004: Cannot use JSX unless the '--jsx' flag is provided.
src/app/dashboard/editor/[courseId]/[lectureId]/[pageId]/page.tsx(597,188): error TS17004: Cannot use JSX unless the '--jsx' flag is provided.
src/app/dashboard/editor/[courseId]/[lectureId]/[pageId]/page.tsx(597,352): error TS17004: Cannot use JSX unless the '--jsx' flag is provided.
src/app/dashboard/editor/[courseId]/[lectureId]/[pageId]/page.tsx(597,407): error TS17004: Cannot use JSX unless the '--jsx' flag is provided.
src/app/dashboard/editor/[courseId]/[lectureId]/[pageId]/page.tsx(597,508): error TS17004: Cannot use JSX unless the '--jsx' flag is provided.
src/app/dashboard/editor/[courseId]/[lectureId]/[pageId]/page.tsx(597,532): error TS17004: Cannot use JSX unless the '--jsx' flag is provided.
src/app/dashboard/editor/[courseId]/[lectureId]/[pageId]/page.tsx(598,70): error TS17004: Cannot use JSX unless the '--jsx' flag is provided.
src/app/dashboard/editor/[courseId]/[lectureId]/[pageId]/page.tsx(598,126): error TS17004: Cannot use JSX unless the '--jsx' flag is provided.
src/app/dashboard/editor/[courseId]/[lectureId]/[pageId]/page.tsx(598,307): error TS17004: Cannot use JSX unless the '--jsx' flag is provided.
src/app/dashboard/editor/[courseId]/[lectureId]/[pageId]/page.tsx(598,361): error TS17004: Cannot use JSX unless the '--jsx' flag is provided.
src/app/dashboard/editor/[courseId]/[lectureId]/[pageId]/page.tsx(598,445): error TS17004: Cannot use JSX unless the '--jsx' flag is provided.
src/app/dashboard/editor/[courseId]/[lectureId]/[pageId]/page.tsx(598,644): error TS17004: Cannot use JSX unless the '--jsx' flag is provided.
src/app/dashboard/editor/[courseId]/[lectureId]/[pageId]/page.tsx(599,40): error TS17004: Cannot use JSX unless the '--jsx' flag is provided.
src/app/dashboard/editor/[courseId]/[lectureId]/[pageId]/page.tsx(599,96): error TS17004: Cannot use JSX unless the '--jsx' flag is provided.
src/app/dashboard/editor/[courseId]/[lectureId]/[pageId]/page.tsx(599,189): error TS17004: Cannot use JSX unless the '--jsx' flag is provided.
src/app/dashboard/editor/[courseId]/[lectureId]/[pageId]/page.tsx(599,235): error TS17004: Cannot use JSX unless the '--jsx' flag is provided.
src/app/dashboard/editor/[courseId]/[lectureId]/[pageId]/page.tsx(599,289): error TS17004: Cannot use JSX unless the '--jsx' flag is provided.
src/app/dashboard/editor/[courseId]/[lectureId]/[pageId]/page.tsx(599,353): error TS17004: Cannot use JSX unless the '--jsx' flag is provided.
src/app/dashboard/editor/[courseId]/[lectureId]/[pageId]/page.tsx(599,394): error TS17004: Cannot use JSX unless the '--jsx' flag is provided.
src/app/dashboard/editor/[courseId]/[lectureId]/[pageId]/page.tsx(599,454): error TS17004: Cannot use JSX unless the '--jsx' flag is provided.
src/app/dashboard/editor/[courseId]/[lectureId]/[pageId]/page.tsx(599,544): error TS17004: Cannot use JSX unless the '--jsx' flag is provided.
src/app/dashboard/editor/[courseId]/[lectureId]/[pageId]/page.tsx(600,115): error TS17004: Cannot use JSX unless the '--jsx' flag is provided.
src/app/dashboard/editor/[courseId]/[lectureId]/[pageId]/page.tsx(600,160): error TS17004: Cannot use JSX unless the '--jsx' flag is provided.
src/app/dashboard/editor/[courseId]/[lectureId]/[pageId]/page.tsx(600,205): error TS17004: Cannot use JSX unless the '--jsx' flag is provided.
src/app/dashboard/editor/[courseId]/[lectureId]/[pageId]/page.tsx(600,250): error TS17004: Cannot use JSX unless the '--jsx' flag is provided.
src/app/dashboard/editor/[courseId]/[lectureId]/[pageId]/page.tsx(600,314): error TS17004: Cannot use JSX unless the '--jsx' flag is provided.
src/app/dashboard/editor/[courseId]/[lectureId]/[pageId]/page.tsx(600,575): error TS17004: Cannot use JSX unless the '--jsx' flag is provided.
src/app/dashboard/editor/[courseId]/[lectureId]/[pageId]/page.tsx(600,639): error TS17004: Cannot use JSX unless the '--jsx' flag is provided.
src/app/dashboard/editor/[courseId]/[lectureId]/[pageId]/page.tsx(600,941): error TS17004: Cannot use JSX unless the '--jsx' flag is provided.
src/app/dashboard/editor/[courseId]/[lectureId]/[pageId]/page.tsx(600,1169): error TS17004: Cannot use JSX unless the '--jsx' flag is provided.
src/app/dashboard/editor/[courseId]/[lectureId]/[pageId]/page.tsx(601,173): error TS17004: Cannot use JSX unless the '--jsx' flag is provided.
src/app/dashboard/editor/[courseId]/[lectureId]/[pageId]/page.tsx(601,268): error TS17004: Cannot use JSX unless the '--jsx' flag is provided.
src/app/dashboard/editor/[courseId]/[lectureId]/[pageId]/page.tsx(601,427): error TS17004: Cannot use JSX unless the '--jsx' flag is provided.
src/app/dashboard/editor/[courseId]/[lectureId]/[pageId]/page.tsx(601,476): error TS17004: Cannot use JSX unless the '--jsx' flag is provided.
src/app/dashboard/editor/[courseId]/[lectureId]/[pageId]/page.tsx(601,646): error TS17004: Cannot use JSX unless the '--jsx' flag is provided.
src/app/dashboard/editor/[courseId]/[lectureId]/[pageId]/page.tsx(601,897): error TS17004: Cannot use JSX unless the '--jsx' flag is provided.
src/app/dashboard/editor/[courseId]/[lectureId]/[pageId]/page.tsx(601,1099): error TS17004: Cannot use JSX unless the '--jsx' flag is provided.
src/app/dashboard/editor/[courseId]/[lectureId]/[pageId]/page.tsx(601,1303): error TS17004: Cannot use JSX unless the '--jsx' flag is provided.
src/app/dashboard/editor/[courseId]/[lectureId]/[pageId]/page.tsx(601,1413): error TS17004: Cannot use JSX unless the '--jsx' flag is provided.
src/app/dashboard/editor/[courseId]/[lectureId]/[pageId]/page.tsx(602,113): error TS17004: Cannot use JSX unless the '--jsx' flag is provided.
src/app/dashboard/editor/[courseId]/[lectureId]/[pageId]/page.tsx(602,192): error TS17004: Cannot use JSX unless the '--jsx' flag is provided.
src/app/dashboard/editor/[courseId]/[lectureId]/[pageId]/page.tsx(602,311): error TS17004: Cannot use JSX unless the '--jsx' flag is provided.
src/app/dashboard/editor/[courseId]/[lectureId]/[pageId]/page.tsx(602,354): error TS17004: Cannot use JSX unless the '--jsx' flag is provided.
src/app/dashboard/editor/[courseId]/[lectureId]/[pageId]/page.tsx(602,442): error TS17004: Cannot use JSX unless the '--jsx' flag is provided.
src/app/dashboard/editor/[courseId]/[lectureId]/[pageId]/page.tsx(602,603): error TS17004: Cannot use JSX unless the '--jsx' flag is provided.
src/app/dashboard/editor/[courseId]/[lectureId]/[pageId]/page.tsx(602,835): error TS17004: Cannot use JSX unless the '--jsx' flag is provided.
src/app/dashboard/editor/[courseId]/[lectureId]/[pageId]/page.tsx(602,1110): error TS17004: Cannot use JSX unless the '--jsx' flag is provided.
src/app/dashboard/editor/[courseId]/[lectureId]/[pageId]/page.tsx(602,1304): error TS17004: Cannot use JSX unless the '--jsx' flag is provided.
src/app/dashboard/editor/[courseId]/[lectureId]/[pageId]/page.tsx(603,119): error TS17004: Cannot use JSX unless the '--jsx' flag is provided.
src/app/dashboard/editor/[courseId]/[lectureId]/[pageId]/page.tsx(603,165): error TS17004: Cannot use JSX unless the '--jsx' flag is provided.
src/app/dashboard/editor/[courseId]/[lectureId]/[pageId]/page.tsx(603,426): error TS17004: Cannot use JSX unless the '--jsx' flag is provided.
src/app/dashboard/editor/[courseId]/[lectureId]/[pageId]/page.tsx(603,454): error TS17004: Cannot use JSX unless the '--jsx' flag is provided.
src/app/dashboard/editor/[courseId]/[lectureId]/[pageId]/page.tsx(603,722): error TS17004: Cannot use JSX unless the '--jsx' flag is provided.
src/app/dashboard/editor/[courseId]/[lectureId]/[pageId]/page.tsx(603,754): error TS17004: Cannot use JSX unless the '--jsx' flag is provided.
src/app/dashboard/editor/[courseId]/[lectureId]/[pageId]/page.tsx(603,1022): error TS17004: Cannot use JSX unless the '--jsx' flag is provided.
src/app/dashboard/editor/[courseId]/[lectureId]/[pageId]/page.tsx(603,1057): error TS17004: Cannot use JSX unless the '--jsx' flag is provided.
src/app/dashboard/editor/[courseId]/[lectureId]/[pageId]/page.tsx(603,1105): error TS17004: Cannot use JSX unless the '--jsx' flag is provided.
src/app/dashboard/editor/[courseId]/[lectureId]/[pageId]/page.tsx(603,1201): error TS17004: Cannot use JSX unless the '--jsx' flag is provided.
src/app/dashboard/editor/[courseId]/[lectureId]/[pageId]/page.tsx(604,126): error TS17004: Cannot use JSX unless the '--jsx' flag is provided.
src/app/dashboard/editor/[courseId]/[lectureId]/[pageId]/page.tsx(604,172): error TS17004: Cannot use JSX unless the '--jsx' flag is provided.
src/app/dashboard/editor/[courseId]/[lectureId]/[pageId]/page.tsx(604,375): error TS17004: Cannot use JSX unless the '--jsx' flag is provided.
src/app/dashboard/editor/[courseId]/[lectureId]/[pageId]/page.tsx(604,439): error TS17004: Cannot use JSX unless the '--jsx' flag is provided.
src/app/dashboard/editor/[courseId]/[lectureId]/[pageId]/page.tsx(604,677): error TS17004: Cannot use JSX unless the '--jsx' flag is provided.
src/app/dashboard/editor/[courseId]/[lectureId]/[pageId]/page.tsx(604,871): error TS17004: Cannot use JSX unless the '--jsx' flag is provided.
src/app/dashboard/editor/[courseId]/[lectureId]/[pageId]/page.tsx(605,135): error TS17004: Cannot use JSX unless the '--jsx' flag is provided.
src/app/dashboard/editor/[courseId]/[lectureId]/[pageId]/page.tsx(605,186): error TS17004: Cannot use JSX unless the '--jsx' flag is provided.
src/app/dashboard/editor/[courseId]/[lectureId]/[pageId]/page.tsx(605,243): error TS17004: Cannot use JSX unless the '--jsx' flag is provided.
src/app/dashboard/editor/[courseId]/[lectureId]/[pageId]/page.tsx(605,248): error TS17004: Cannot use JSX unless the '--jsx' flag is provided.
src/app/dashboard/editor/[courseId]/[lectureId]/[pageId]/page.tsx(605,327): error TS17004: Cannot use JSX unless the '--jsx' flag is provided.
src/app/dashboard/editor/[courseId]/[lectureId]/[pageId]/page.tsx(605,546): error TS17004: Cannot use JSX unless the '--jsx' flag is provided.
src/app/dashboard/editor/[courseId]/[lectureId]/[pageId]/page.tsx(605,551): error TS17004: Cannot use JSX unless the '--jsx' flag is provided.
src/app/dashboard/editor/[courseId]/[lectureId]/[pageId]/page.tsx(605,629): error TS17004: Cannot use JSX unless the '--jsx' flag is provided.
src/app/dashboard/editor/[courseId]/[lectureId]/[pageId]/page.tsx(605,841): error TS17004: Cannot use JSX unless the '--jsx' flag is provided.
src/app/dashboard/editor/[courseId]/[lectureId]/[pageId]/page.tsx(605,874): error TS17004: Cannot use JSX unless the '--jsx' flag is provided.
src/app/dashboard/editor/[courseId]/[lectureId]/[pageId]/page.tsx(605,982): error TS17004: Cannot use JSX unless the '--jsx' flag is provided.
src/app/dashboard/editor/[courseId]/[lectureId]/[pageId]/page.tsx(605,1138): error TS17004: Cannot use JSX unless the '--jsx' flag is provided.
src/app/dashboard/editor/[courseId]/[lectureId]/[pageId]/page.tsx(605,1265): error TS17004: Cannot use JSX unless the '--jsx' flag is provided.
src/app/dashboard/editor/[courseId]/[lectureId]/[pageId]/page.tsx(605,1369): error TS17004: Cannot use JSX unless the '--jsx' flag is provided.
src/app/dashboard/editor/[courseId]/[lectureId]/[pageId]/page.tsx(605,1537): error TS17004: Cannot use JSX unless the '--jsx' flag is provided.
src/app/dashboard/editor/[courseId]/[lectureId]/[pageId]/page.tsx(608,12): error TS17004: Cannot use JSX unless the '--jsx' flag is provided.
src/app/dashboard/editor/[courseId]/[lectureId]/[pageId]/page.tsx(608,13): error TS2304: Cannot find name 'SequenceBlock'.
src/app/dashboard/editor/[courseId]/[lectureId]/[pageId]/page.tsx(612,12): error TS17004: Cannot use JSX unless the '--jsx' flag is provided.
src/app/dashboard/editor/[courseId]/[lectureId]/[pageId]/page.tsx(612,13): error TS2304: Cannot find name 'HotspotBlock'.
src/app/dashboard/editor/[courseId]/[lectureId]/[pageId]/page.tsx(614,11): error TS17004: Cannot use JSX unless the '--jsx' flag is provided.
src/app/dashboard/editor/[courseId]/[lectureId]/[pageId]/page.tsx(614,161): error TS17004: Cannot use JSX unless the '--jsx' flag is provided.
src/app/dashboard/editor/[courseId]/[lectureId]/[pageId]/page.tsx(614,272): error TS17004: Cannot use JSX unless the '--jsx' flag is provided.
src/app/dashboard/editor/[courseId]/[lectureId]/[pageId]/page.tsx(614,300): error TS17004: Cannot use JSX unless the '--jsx' flag is provided.
